0 verbose cli /usr/local/bin/node /usr/local/bin/npm
1 info using npm@11.13.0
2 info using node@v24.16.0
3 silly config load:file:/usr/local/lib/node_modules/npm/npmrc
4 silly config load:file:/Users/eden/Desktop/20260919/04-blast-furnace-thermal-b/frontend/.npmrc
5 silly config load:file:/Users/eden/.npmrc
6 silly config load:file:/usr/local/etc/npmrc
7 verbose title npm install
8 verbose argv "install" "--cache" "./.npm-cache"
9 verbose logfile logs-max:10 dir:/Users/eden/Desktop/20260919/04-blast-furnace-thermal-b/frontend/.npm-cache/_logs/2026-09-21T00_29_06_018Z-
10 verbose logfile /Users/eden/Desktop/20260919/04-blast-furnace-thermal-b/frontend/.npm-cache/_logs/2026-09-21T00_29_06_018Z-debug-0.log
11 silly logfile done cleaning log files
12 silly packumentCache heap:4496293888 maxSize:1124073472 maxEntrySize:562036736
13 silly idealTree buildDeps
14 silly fetch manifest echarts@^5.5.0
15 silly packumentCache full:https://registry.npmjs.org/echarts cache-miss
16 http fetch GET 200 https://registry.npmjs.org/echarts 857ms (cache miss)
17 silly packumentCache full:https://registry.npmjs.org/echarts set size:undefined disposed:false
18 silly fetch manifest vue@^3.4.0
19 silly packumentCache full:https://registry.npmjs.org/vue cache-miss
20 http fetch GET 200 https://registry.npmjs.org/npm 1017ms
21 http fetch GET 200 https://registry.npmjs.org/vue 370ms (cache miss)
22 silly packumentCache full:https://registry.npmjs.org/vue set size:undefined disposed:false
23 silly fetch manifest typescript@*
24 silly packumentCache full:https://registry.npmjs.org/typescript cache-miss
25 http fetch GET 200 https://registry.npmjs.org/typescript 497ms (cache miss)
26 silly packumentCache full:https://registry.npmjs.org/typescript set size:undefined disposed:false
27 silly fetch manifest @vitejs/plugin-vue@^5.0.0
28 silly packumentCache full:https://registry.npmjs.org/@vitejs%2fplugin-vue cache-miss
29 http fetch GET 200 https://registry.npmjs.org/@vitejs%2fplugin-vue 152ms (cache miss)
30 silly packumentCache full:https://registry.npmjs.org/@vitejs%2fplugin-vue set size:undefined disposed:false
31 silly fetch manifest vite@^5.2.0
32 silly packumentCache full:https://registry.npmjs.org/vite cache-miss
33 http fetch GET 200 https://registry.npmjs.org/vite 1407ms (cache miss)
34 silly packumentCache full:https://registry.npmjs.org/vite set size:undefined disposed:false
35 silly fetch manifest @types/node@^18.0.0 || >=20.0.0
36 silly packumentCache full:https://registry.npmjs.org/@types%2fnode cache-miss
37 http fetch GET 200 https://registry.npmjs.org/@types%2fnode 388ms (cache miss)
38 silly packumentCache full:https://registry.npmjs.org/@types%2fnode set size:undefined disposed:false
39 silly fetch manifest less@*
40 silly packumentCache full:https://registry.npmjs.org/less cache-miss
41 http fetch GET 200 https://registry.npmjs.org/less 145ms (cache miss)
42 silly packumentCache full:https://registry.npmjs.org/less set size:undefined disposed:false
43 silly fetch manifest lightningcss@^1.21.0
44 silly packumentCache full:https://registry.npmjs.org/lightningcss cache-miss
45 http fetch GET 200 https://registry.npmjs.org/lightningcss 121ms (cache miss)
46 silly packumentCache full:https://registry.npmjs.org/lightningcss set size:undefined disposed:false
47 silly fetch manifest sass@*
48 silly packumentCache full:https://registry.npmjs.org/sass cache-miss
49 http fetch GET 200 https://registry.npmjs.org/sass 153ms (cache miss)
50 silly packumentCache full:https://registry.npmjs.org/sass set size:undefined disposed:false
51 silly fetch manifest sass-embedded@*
52 silly packumentCache full:https://registry.npmjs.org/sass-embedded cache-miss
53 http fetch GET 200 https://registry.npmjs.org/sass-embedded 127ms (cache miss)
54 silly packumentCache full:https://registry.npmjs.org/sass-embedded set size:undefined disposed:false
55 silly fetch manifest stylus@*
56 silly packumentCache full:https://registry.npmjs.org/stylus cache-miss
57 http fetch GET 200 https://registry.npmjs.org/stylus 141ms (cache miss)
58 silly packumentCache full:https://registry.npmjs.org/stylus set size:undefined disposed:false
59 silly fetch manifest sugarss@*
60 silly packumentCache full:https://registry.npmjs.org/sugarss cache-miss
61 http fetch GET 200 https://registry.npmjs.org/sugarss 117ms (cache miss)
62 silly packumentCache full:https://registry.npmjs.org/sugarss set size:undefined disposed:false
63 silly fetch manifest postcss@^8.3.3
64 silly packumentCache full:https://registry.npmjs.org/postcss cache-miss
65 http fetch GET 200 https://registry.npmjs.org/postcss 150ms (cache miss)
66 silly packumentCache full:https://registry.npmjs.org/postcss set size:undefined disposed:false
67 silly fetch manifest terser@^5.4.0
68 silly packumentCache full:https://registry.npmjs.org/terser cache-miss
69 http fetch GET 200 https://registry.npmjs.org/terser 189ms (cache miss)
70 silly packumentCache full:https://registry.npmjs.org/terser set size:undefined disposed:false
71 silly placeDep ROOT @vitejs/plugin-vue@5.2.4 OK for: blast-furnace-thermal-frontend@1.0.0 want: ^5.0.0
72 silly placeDep ROOT vue@3.5.43 OK for: @vitejs/plugin-vue@5.2.4 want: ^3.2.25
73 silly placeDep ROOT vite@5.4.21 OK for: @vitejs/plugin-vue@5.2.4 want: ^5.0.0 || ^6.0.0
74 silly placeDep ROOT echarts@5.6.0 OK for: blast-furnace-thermal-frontend@1.0.0 want: ^5.5.0
75 silly fetch manifest rollup@^4.20.0
76 silly packumentCache full:https://registry.npmjs.org/rollup cache-miss
77 silly fetch manifest esbuild@^0.21.3
78 silly packumentCache full:https://registry.npmjs.org/esbuild cache-miss
79 silly fetch manifest postcss@^8.4.43
80 silly packumentCache full:https://registry.npmjs.org/postcss cache-miss
81 silly fetch manifest fsevents@~2.3.3
82 silly packumentCache full:https://registry.npmjs.org/fsevents cache-miss
83 silly fetch manifest @vue/shared@3.5.43
84 silly packumentCache full:https://registry.npmjs.org/@vue%2fshared cache-miss
85 silly fetch manifest @vue/runtime-dom@3.5.43
86 silly packumentCache full:https://registry.npmjs.org/@vue%2fruntime-dom cache-miss
87 silly fetch manifest @vue/compiler-dom@3.5.43
88 silly packumentCache full:https://registry.npmjs.org/@vue%2fcompiler-dom cache-miss
89 http cache https://registry.npmjs.org/postcss 19ms (cache hit)
90 silly packumentCache full:https://registry.npmjs.org/postcss set size:766699 disposed:false
91 silly fetch manifest @vue/compiler-sfc@3.5.43
92 silly packumentCache full:https://registry.npmjs.org/@vue%2fcompiler-sfc cache-miss
93 http fetch GET 200 https://registry.npmjs.org/esbuild 167ms (cache miss)
94 silly packumentCache full:https://registry.npmjs.org/esbuild set size:undefined disposed:false
95 silly fetch manifest @vue/server-renderer@3.5.43
96 silly packumentCache full:https://registry.npmjs.org/@vue%2fserver-renderer cache-miss
97 http fetch GET 200 https://registry.npmjs.org/rollup 250ms (cache miss)
98 silly packumentCache full:https://registry.npmjs.org/rollup set size:undefined disposed:false
99 silly fetch manifest tslib@2.3.0
100 silly packumentCache full:https://registry.npmjs.org/tslib cache-miss
101 http fetch GET 200 https://registry.npmjs.org/@vue%2fserver-renderer 150ms (cache miss)
102 silly packumentCache full:https://registry.npmjs.org/@vue%2fserver-renderer set size:undefined disposed:false
103 silly fetch manifest zrender@5.6.1
104 silly packumentCache full:https://registry.npmjs.org/zrender cache-miss
105 http fetch GET 200 https://registry.npmjs.org/tslib 134ms (cache miss)
106 silly packumentCache full:https://registry.npmjs.org/tslib set size:undefined disposed:false
107 http fetch GET 200 https://registry.npmjs.org/zrender 121ms (cache miss)
108 silly packumentCache full:https://registry.npmjs.org/zrender set size:undefined disposed:false
109 http fetch GET 200 https://registry.npmjs.org/fsevents 661ms (cache miss)
110 silly packumentCache full:https://registry.npmjs.org/fsevents set size:undefined disposed:false
111 http fetch GET 200 https://registry.npmjs.org/@vue%2fcompiler-dom 883ms (cache miss)
112 silly packumentCache full:https://registry.npmjs.org/@vue%2fcompiler-dom set size:undefined disposed:false
113 http fetch GET 200 https://registry.npmjs.org/@vue%2fshared 901ms (cache miss)
114 silly packumentCache full:https://registry.npmjs.org/@vue%2fshared set size:undefined disposed:false
115 http fetch GET 200 https://registry.npmjs.org/@vue%2fcompiler-sfc 936ms (cache miss)
116 silly packumentCache full:https://registry.npmjs.org/@vue%2fcompiler-sfc set size:undefined disposed:false
117 http fetch GET 200 https://registry.npmjs.org/@vue%2fruntime-dom 996ms (cache miss)
118 silly packumentCache full:https://registry.npmjs.org/@vue%2fruntime-dom set size:undefined disposed:false
119 silly placeDep ROOT tslib@2.3.0 OK for: echarts@5.6.0 want: 2.3.0
120 silly placeDep ROOT zrender@5.6.1 OK for: echarts@5.6.0 want: 5.6.1
121 silly placeDep ROOT esbuild@0.21.5 OK for: vite@5.4.21 want: ^0.21.3
122 silly placeDep ROOT fsevents@2.3.3 OK for: vite@5.4.21 want: ~2.3.3
123 silly placeDep ROOT postcss@8.5.28 OK for: vite@5.4.21 want: ^8.4.43
124 silly placeDep ROOT rollup@4.63.4 OK for: vite@5.4.21 want: ^4.20.0
125 silly fetch manifest @esbuild/aix-ppc64@0.21.5
126 silly packumentCache full:https://registry.npmjs.org/@esbuild%2faix-ppc64 cache-miss
127 silly fetch manifest @esbuild/linux-arm@0.21.5
128 silly packumentCache full:https://registry.npmjs.org/@esbuild%2flinux-arm cache-miss
129 silly fetch manifest @esbuild/linux-x64@0.21.5
130 silly packumentCache full:https://registry.npmjs.org/@esbuild%2flinux-x64 cache-miss
131 silly fetch manifest @esbuild/sunos-x64@0.21.5
132 silly packumentCache full:https://registry.npmjs.org/@esbuild%2fsunos-x64 cache-miss
133 silly fetch manifest @esbuild/win32-x64@0.21.5
134 silly packumentCache full:https://registry.npmjs.org/@esbuild%2fwin32-x64 cache-miss
135 silly fetch manifest @esbuild/darwin-x64@0.21.5
136 silly packumentCache full:https://registry.npmjs.org/@esbuild%2fdarwin-x64 cache-miss
137 silly fetch manifest @esbuild/linux-ia32@0.21.5
138 silly packumentCache full:https://registry.npmjs.org/@esbuild%2flinux-ia32 cache-miss
139 http fetch GET 200 https://registry.npmjs.org/@esbuild%2flinux-arm 138ms (cache miss)
140 silly packumentCache full:https://registry.npmjs.org/@esbuild%2flinux-arm set size:undefined disposed:false
141 silly fetch manifest @esbuild/netbsd-x64@0.21.5
142 silly packumentCache full:https://registry.npmjs.org/@esbuild%2fnetbsd-x64 cache-miss
143 http fetch GET 200 https://registry.npmjs.org/@esbuild%2faix-ppc64 153ms (cache miss)
144 silly packumentCache full:https://registry.npmjs.org/@esbuild%2faix-ppc64 set size:undefined disposed:false
145 silly fetch manifest @esbuild/win32-ia32@0.21.5
146 silly packumentCache full:https://registry.npmjs.org/@esbuild%2fwin32-ia32 cache-miss
147 http fetch GET 200 https://registry.npmjs.org/@esbuild%2fdarwin-x64 154ms (cache miss)
148 silly packumentCache full:https://registry.npmjs.org/@esbuild%2fdarwin-x64 set size:undefined disposed:false
149 silly fetch manifest @esbuild/android-arm@0.21.5
150 silly packumentCache full:https://registry.npmjs.org/@esbuild%2fandroid-arm cache-miss
151 http fetch GET 200 https://registry.npmjs.org/@esbuild%2fwin32-x64 158ms (cache miss)
152 silly packumentCache full:https://registry.npmjs.org/@esbuild%2fwin32-x64 set size:undefined disposed:false
153 silly fetch manifest @esbuild/android-x64@0.21.5
154 silly packumentCache full:https://registry.npmjs.org/@esbuild%2fandroid-x64 cache-miss
155 http fetch GET 200 https://registry.npmjs.org/@esbuild%2flinux-ia32 167ms (cache miss)
156 silly packumentCache full:https://registry.npmjs.org/@esbuild%2flinux-ia32 set size:undefined disposed:false
157 silly fetch manifest @esbuild/freebsd-x64@0.21.5
158 silly packumentCache full:https://registry.npmjs.org/@esbuild%2ffreebsd-x64 cache-miss
159 http fetch GET 200 https://registry.npmjs.org/@esbuild%2flinux-x64 213ms (cache miss)
160 silly packumentCache full:https://registry.npmjs.org/@esbuild%2flinux-x64 set size:undefined disposed:false
161 silly fetch manifest @esbuild/linux-arm64@0.21.5
162 silly packumentCache full:https://registry.npmjs.org/@esbuild%2flinux-arm64 cache-miss
163 http fetch GET 200 https://registry.npmjs.org/@esbuild%2fsunos-x64 249ms (cache miss)
164 silly packumentCache full:https://registry.npmjs.org/@esbuild%2fsunos-x64 set size:undefined disposed:false
165 silly fetch manifest @esbuild/linux-ppc64@0.21.5
166 silly packumentCache full:https://registry.npmjs.org/@esbuild%2flinux-ppc64 cache-miss
167 http fetch GET 200 https://registry.npmjs.org/@esbuild%2fnetbsd-x64 131ms (cache miss)
168 silly packumentCache full:https://registry.npmjs.org/@esbuild%2fnetbsd-x64 set size:undefined disposed:false
169 silly fetch manifest @esbuild/linux-s390x@0.21.5
170 silly packumentCache full:https://registry.npmjs.org/@esbuild%2flinux-s390x cache-miss
171 http fetch GET 200 https://registry.npmjs.org/@esbuild%2fwin32-ia32 148ms (cache miss)
172 silly packumentCache full:https://registry.npmjs.org/@esbuild%2fwin32-ia32 set size:undefined disposed:false
173 silly fetch manifest @esbuild/openbsd-x64@0.21.5
174 silly packumentCache full:https://registry.npmjs.org/@esbuild%2fopenbsd-x64 cache-miss
175 http fetch GET 200 https://registry.npmjs.org/@esbuild%2fandroid-x64 152ms (cache miss)
176 silly packumentCache full:https://registry.npmjs.org/@esbuild%2fandroid-x64 set size:undefined disposed:false
177 silly fetch manifest @esbuild/win32-arm64@0.21.5
178 silly packumentCache full:https://registry.npmjs.org/@esbuild%2fwin32-arm64 cache-miss
179 http fetch GET 200 https://registry.npmjs.org/@esbuild%2fandroid-arm 160ms (cache miss)
180 silly packumentCache full:https://registry.npmjs.org/@esbuild%2fandroid-arm set size:undefined disposed:false
181 silly fetch manifest @esbuild/darwin-arm64@0.21.5
182 silly packumentCache full:https://registry.npmjs.org/@esbuild%2fdarwin-arm64 cache-miss
183 http fetch GET 200 https://registry.npmjs.org/@esbuild%2ffreebsd-x64 162ms (cache miss)
184 silly packumentCache full:https://registry.npmjs.org/@esbuild%2ffreebsd-x64 set size:undefined disposed:false
185 silly fetch manifest @esbuild/android-arm64@0.21.5
186 silly packumentCache full:https://registry.npmjs.org/@esbuild%2fandroid-arm64 cache-miss
187 http fetch GET 200 https://registry.npmjs.org/@esbuild%2flinux-arm64 175ms (cache miss)
188 silly packumentCache full:https://registry.npmjs.org/@esbuild%2flinux-arm64 set size:undefined disposed:false
189 silly fetch manifest @esbuild/freebsd-arm64@0.21.5
190 silly packumentCache full:https://registry.npmjs.org/@esbuild%2ffreebsd-arm64 cache-miss
191 http fetch GET 200 https://registry.npmjs.org/@esbuild%2flinux-ppc64 146ms (cache miss)
192 silly packumentCache full:https://registry.npmjs.org/@esbuild%2flinux-ppc64 set size:undefined disposed:false
193 silly fetch manifest @esbuild/linux-loong64@0.21.5
194 silly packumentCache full:https://registry.npmjs.org/@esbuild%2flinux-loong64 cache-miss
195 http fetch GET 200 https://registry.npmjs.org/@esbuild%2flinux-s390x 133ms (cache miss)
196 silly packumentCache full:https://registry.npmjs.org/@esbuild%2flinux-s390x set size:undefined disposed:false
197 silly fetch manifest @esbuild/linux-riscv64@0.21.5
198 silly packumentCache full:https://registry.npmjs.org/@esbuild%2flinux-riscv64 cache-miss
199 http fetch GET 200 https://registry.npmjs.org/@esbuild%2fopenbsd-x64 153ms (cache miss)
200 silly packumentCache full:https://registry.npmjs.org/@esbuild%2fopenbsd-x64 set size:undefined disposed:false
201 silly fetch manifest @esbuild/linux-mips64el@0.21.5
202 silly packumentCache full:https://registry.npmjs.org/@esbuild%2flinux-mips64el cache-miss
203 http fetch GET 200 https://registry.npmjs.org/@esbuild%2fwin32-arm64 152ms (cache miss)
204 silly packumentCache full:https://registry.npmjs.org/@esbuild%2fwin32-arm64 set size:undefined disposed:false
205 silly fetch manifest nanoid@^3.3.18
206 silly packumentCache full:https://registry.npmjs.org/nanoid cache-miss
207 http fetch GET 200 https://registry.npmjs.org/@esbuild%2fdarwin-arm64 152ms (cache miss)
208 silly packumentCache full:https://registry.npmjs.org/@esbuild%2fdarwin-arm64 set size:undefined disposed:false
209 silly fetch manifest picocolors@^1.1.1
210 silly packumentCache full:https://registry.npmjs.org/picocolors cache-miss
211 http fetch GET 200 https://registry.npmjs.org/@esbuild%2fandroid-arm64 163ms (cache miss)
212 silly packumentCache full:https://registry.npmjs.org/@esbuild%2fandroid-arm64 set size:undefined disposed:false
213 silly fetch manifest source-map-js@^1.2.1
214 silly packumentCache full:https://registry.npmjs.org/source-map-js cache-miss
215 http fetch GET 200 https://registry.npmjs.org/@esbuild%2flinux-riscv64 130ms (cache miss)
216 silly packumentCache full:https://registry.npmjs.org/@esbuild%2flinux-riscv64 set size:undefined disposed:false
217 silly fetch manifest @types/estree@1.0.9
218 silly packumentCache full:https://registry.npmjs.org/@types%2festree cache-miss
219 http fetch GET 200 https://registry.npmjs.org/@esbuild%2flinux-loong64 157ms (cache miss)
220 silly packumentCache full:https://registry.npmjs.org/@esbuild%2flinux-loong64 set size:undefined disposed:false
221 silly fetch manifest @rollup/rollup-darwin-x64@4.63.4
222 silly packumentCache full:https://registry.npmjs.org/@rollup%2frollup-darwin-x64 cache-miss
223 http fetch GET 200 https://registry.npmjs.org/@esbuild%2ffreebsd-arm64 173ms (cache miss)
224 silly packumentCache full:https://registry.npmjs.org/@esbuild%2ffreebsd-arm64 set size:undefined disposed:false
225 silly fetch manifest @rollup/rollup-freebsd-x64@4.63.4
226 silly packumentCache full:https://registry.npmjs.org/@rollup%2frollup-freebsd-x64 cache-miss
227 http fetch GET 200 https://registry.npmjs.org/picocolors 121ms (cache miss)
228 silly packumentCache full:https://registry.npmjs.org/picocolors set size:undefined disposed:false
229 silly fetch manifest @rollup/rollup-openbsd-x64@4.63.4
230 silly packumentCache full:https://registry.npmjs.org/@rollup%2frollup-openbsd-x64 cache-miss
231 http fetch GET 200 https://registry.npmjs.org/@esbuild%2flinux-mips64el 145ms (cache miss)
232 silly packumentCache full:https://registry.npmjs.org/@esbuild%2flinux-mips64el set size:undefined disposed:false
233 silly fetch manifest @napi-rs/lzma-linux-x64-gnu@1.5.1
234 silly packumentCache full:https://registry.npmjs.org/@napi-rs%2flzma-linux-x64-gnu cache-miss
235 http fetch GET 200 https://registry.npmjs.org/source-map-js 124ms (cache miss)
236 silly packumentCache full:https://registry.npmjs.org/source-map-js set size:undefined disposed:false
237 silly fetch manifest @rollup/rollup-darwin-arm64@4.63.4
238 silly packumentCache full:https://registry.npmjs.org/@rollup%2frollup-darwin-arm64 cache-miss
239 http fetch GET 200 https://registry.npmjs.org/nanoid 160ms (cache miss)
240 silly packumentCache full:https://registry.npmjs.org/nanoid set size:undefined disposed:false
241 silly fetch manifest @rollup/rollup-android-arm64@4.63.4
242 silly packumentCache full:https://registry.npmjs.org/@rollup%2frollup-android-arm64 cache-miss
243 http fetch GET 200 https://registry.npmjs.org/@types%2festree 124ms (cache miss)
244 silly packumentCache full:https://registry.npmjs.org/@types%2festree set size:undefined disposed:false
245 silly fetch manifest @rollup/rollup-freebsd-arm64@4.63.4
246 silly packumentCache full:https://registry.npmjs.org/@rollup%2frollup-freebsd-arm64 cache-miss
247 http fetch GET 200 https://registry.npmjs.org/@rollup%2frollup-darwin-x64 153ms (cache miss)
248 silly packumentCache full:https://registry.npmjs.org/@rollup%2frollup-darwin-x64 set size:undefined disposed:false
249 silly fetch manifest @rollup/rollup-linux-x64-gnu@4.63.4
250 silly packumentCache full:https://registry.npmjs.org/@rollup%2frollup-linux-x64-gnu cache-miss
251 http fetch GET 200 https://registry.npmjs.org/@rollup%2frollup-freebsd-x64 154ms (cache miss)
252 silly packumentCache full:https://registry.npmjs.org/@rollup%2frollup-freebsd-x64 set size:undefined disposed:false
253 silly fetch manifest @rollup/rollup-win32-x64-gnu@4.63.4
254 silly packumentCache full:https://registry.npmjs.org/@rollup%2frollup-win32-x64-gnu cache-miss
255 http fetch GET 200 https://registry.npmjs.org/@rollup%2frollup-openbsd-x64 134ms (cache miss)
256 silly packumentCache full:https://registry.npmjs.org/@rollup%2frollup-openbsd-x64 set size:undefined disposed:false
257 silly fetch manifest @rollup/rollup-linux-x64-musl@4.63.4
258 silly packumentCache full:https://registry.npmjs.org/@rollup%2frollup-linux-x64-musl cache-miss
259 http fetch GET 200 https://registry.npmjs.org/@napi-rs%2flzma-linux-x64-gnu 150ms (cache miss)
260 silly packumentCache full:https://registry.npmjs.org/@napi-rs%2flzma-linux-x64-gnu set size:undefined disposed:false
261 silly fetch manifest @rollup/rollup-win32-x64-msvc@4.63.4
262 silly packumentCache full:https://registry.npmjs.org/@rollup%2frollup-win32-x64-msvc cache-miss
263 http fetch GET 200 https://registry.npmjs.org/@rollup%2frollup-android-arm64 162ms (cache miss)
264 silly packumentCache full:https://registry.npmjs.org/@rollup%2frollup-android-arm64 set size:undefined disposed:false
265 silly fetch manifest @rollup/rollup-linux-arm64-gnu@4.63.4
266 silly packumentCache full:https://registry.npmjs.org/@rollup%2frollup-linux-arm64-gnu cache-miss
267 http fetch GET 200 https://registry.npmjs.org/@rollup%2frollup-darwin-arm64 178ms (cache miss)
268 silly packumentCache full:https://registry.npmjs.org/@rollup%2frollup-darwin-arm64 set size:undefined disposed:false
269 silly fetch manifest @rollup/rollup-linux-ppc64-gnu@4.63.4
270 silly packumentCache full:https://registry.npmjs.org/@rollup%2frollup-linux-ppc64-gnu cache-miss
271 http fetch GET 200 https://registry.npmjs.org/@rollup%2frollup-freebsd-arm64 141ms (cache miss)
272 silly packumentCache full:https://registry.npmjs.org/@rollup%2frollup-freebsd-arm64 set size:undefined disposed:false
273 silly fetch manifest @rollup/rollup-linux-s390x-gnu@4.63.4
274 silly packumentCache full:https://registry.npmjs.org/@rollup%2frollup-linux-s390x-gnu cache-miss
275 http fetch GET 200 https://registry.npmjs.org/@rollup%2frollup-win32-x64-gnu 139ms (cache miss)
276 silly packumentCache full:https://registry.npmjs.org/@rollup%2frollup-win32-x64-gnu set size:undefined disposed:false
277 silly fetch manifest @rollup/rollup-win32-ia32-msvc@4.63.4
278 silly packumentCache full:https://registry.npmjs.org/@rollup%2frollup-win32-ia32-msvc cache-miss
279 http fetch GET 200 https://registry.npmjs.org/@rollup%2frollup-linux-x64-gnu 157ms (cache miss)
280 silly packumentCache full:https://registry.npmjs.org/@rollup%2frollup-linux-x64-gnu set size:undefined disposed:false
281 silly fetch manifest @rollup/rollup-android-arm-eabi@4.63.4
282 silly packumentCache full:https://registry.npmjs.org/@rollup%2frollup-android-arm-eabi cache-miss
283 http fetch GET 200 https://registry.npmjs.org/@rollup%2frollup-linux-x64-musl 154ms (cache miss)
284 silly packumentCache full:https://registry.npmjs.org/@rollup%2frollup-linux-x64-musl set size:undefined disposed:false
285 silly fetch manifest @rollup/rollup-linux-arm64-musl@4.63.4
286 silly packumentCache full:https://registry.npmjs.org/@rollup%2frollup-linux-arm64-musl cache-miss
287 http fetch GET 200 https://registry.npmjs.org/@rollup%2frollup-win32-x64-msvc 155ms (cache miss)
288 silly packumentCache full:https://registry.npmjs.org/@rollup%2frollup-win32-x64-msvc set size:undefined disposed:false
289 silly fetch manifest @rollup/rollup-linux-ppc64-musl@4.63.4
290 silly packumentCache full:https://registry.npmjs.org/@rollup%2frollup-linux-ppc64-musl cache-miss
291 http fetch GET 200 https://registry.npmjs.org/@rollup%2frollup-linux-ppc64-gnu 132ms (cache miss)
292 silly packumentCache full:https://registry.npmjs.org/@rollup%2frollup-linux-ppc64-gnu set size:undefined disposed:false
293 silly fetch manifest @rollup/rollup-win32-arm64-msvc@4.63.4
294 silly packumentCache full:https://registry.npmjs.org/@rollup%2frollup-win32-arm64-msvc cache-miss
295 http fetch GET 200 https://registry.npmjs.org/@rollup%2frollup-linux-arm64-gnu 159ms (cache miss)
296 silly packumentCache full:https://registry.npmjs.org/@rollup%2frollup-linux-arm64-gnu set size:undefined disposed:false
297 silly fetch manifest @rollup/rollup-linux-loong64-gnu@4.63.4
298 silly packumentCache full:https://registry.npmjs.org/@rollup%2frollup-linux-loong64-gnu cache-miss
299 http fetch GET 200 https://registry.npmjs.org/@rollup%2frollup-linux-s390x-gnu 159ms (cache miss)
300 silly packumentCache full:https://registry.npmjs.org/@rollup%2frollup-linux-s390x-gnu set size:undefined disposed:false
301 silly fetch manifest @rollup/rollup-linux-riscv64-gnu@4.63.4
302 silly packumentCache full:https://registry.npmjs.org/@rollup%2frollup-linux-riscv64-gnu cache-miss
303 http fetch GET 200 https://registry.npmjs.org/@rollup%2frollup-android-arm-eabi 155ms (cache miss)
304 silly packumentCache full:https://registry.npmjs.org/@rollup%2frollup-android-arm-eabi set size:undefined disposed:false
305 silly fetch manifest @rollup/rollup-openharmony-arm64@4.63.4
306 silly packumentCache full:https://registry.npmjs.org/@rollup%2frollup-openharmony-arm64 cache-miss
307 http fetch GET 200 https://registry.npmjs.org/@rollup%2frollup-linux-arm64-musl 153ms (cache miss)
308 silly packumentCache full:https://registry.npmjs.org/@rollup%2frollup-linux-arm64-musl set size:undefined disposed:false
309 silly fetch manifest @rollup/rollup-linux-loong64-musl@4.63.4
310 silly packumentCache full:https://registry.npmjs.org/@rollup%2frollup-linux-loong64-musl cache-miss
311 http fetch GET 200 https://registry.npmjs.org/@rollup%2frollup-win32-ia32-msvc 182ms (cache miss)
312 silly packumentCache full:https://registry.npmjs.org/@rollup%2frollup-win32-ia32-msvc set size:undefined disposed:false
313 silly fetch manifest @rollup/rollup-linux-riscv64-musl@4.63.4
314 silly packumentCache full:https://registry.npmjs.org/@rollup%2frollup-linux-riscv64-musl cache-miss
315 http fetch GET 200 https://registry.npmjs.org/@rollup%2frollup-linux-ppc64-musl 147ms (cache miss)
316 silly packumentCache full:https://registry.npmjs.org/@rollup%2frollup-linux-ppc64-musl set size:undefined disposed:false
317 silly fetch manifest @rollup/rollup-linux-arm-gnueabihf@4.63.4
318 silly packumentCache full:https://registry.npmjs.org/@rollup%2frollup-linux-arm-gnueabihf cache-miss
319 http fetch GET 200 https://registry.npmjs.org/@rollup%2frollup-linux-loong64-gnu 132ms (cache miss)
320 silly packumentCache full:https://registry.npmjs.org/@rollup%2frollup-linux-loong64-gnu set size:undefined disposed:false
321 silly fetch manifest @rollup/rollup-linux-arm-musleabihf@4.63.4
322 silly packumentCache full:https://registry.npmjs.org/@rollup%2frollup-linux-arm-musleabihf cache-miss
323 http fetch GET 200 https://registry.npmjs.org/@rollup%2frollup-linux-riscv64-gnu 159ms (cache miss)
324 silly packumentCache full:https://registry.npmjs.org/@rollup%2frollup-linux-riscv64-gnu set size:undefined disposed:false
325 http fetch GET 200 https://registry.npmjs.org/@rollup%2frollup-win32-arm64-msvc 227ms (cache miss)
326 silly packumentCache full:https://registry.npmjs.org/@rollup%2frollup-win32-arm64-msvc set size:undefined disposed:false
327 http fetch GET 200 https://registry.npmjs.org/@rollup%2frollup-openharmony-arm64 137ms (cache miss)
328 silly packumentCache full:https://registry.npmjs.org/@rollup%2frollup-openharmony-arm64 set size:undefined disposed:false
329 http fetch GET 200 https://registry.npmjs.org/@rollup%2frollup-linux-loong64-musl 133ms (cache miss)
330 silly packumentCache full:https://registry.npmjs.org/@rollup%2frollup-linux-loong64-musl set size:undefined disposed:false
331 http fetch GET 200 https://registry.npmjs.org/@rollup%2frollup-linux-riscv64-musl 137ms (cache miss)
332 silly packumentCache full:https://registry.npmjs.org/@rollup%2frollup-linux-riscv64-musl set size:undefined disposed:false
333 http fetch GET 200 https://registry.npmjs.org/@rollup%2frollup-linux-arm-gnueabihf 152ms (cache miss)
334 silly packumentCache full:https://registry.npmjs.org/@rollup%2frollup-linux-arm-gnueabihf set size:undefined disposed:false
335 http fetch GET 200 https://registry.npmjs.org/@rollup%2frollup-linux-arm-musleabihf 148ms (cache miss)
336 silly packumentCache full:https://registry.npmjs.org/@rollup%2frollup-linux-arm-musleabihf set size:undefined disposed:false
337 silly placeDep ROOT @esbuild/aix-ppc64@0.21.5 OK for: esbuild@0.21.5 want: 0.21.5
338 silly placeDep ROOT @esbuild/android-arm@0.21.5 OK for: esbuild@0.21.5 want: 0.21.5
339 silly placeDep ROOT @esbuild/android-arm64@0.21.5 OK for: esbuild@0.21.5 want: 0.21.5
340 silly placeDep ROOT @esbuild/android-x64@0.21.5 OK for: esbuild@0.21.5 want: 0.21.5
341 silly placeDep ROOT @esbuild/darwin-arm64@0.21.5 OK for: esbuild@0.21.5 want: 0.21.5
342 silly placeDep ROOT @esbuild/darwin-x64@0.21.5 OK for: esbuild@0.21.5 want: 0.21.5
343 silly placeDep ROOT @esbuild/freebsd-arm64@0.21.5 OK for: esbuild@0.21.5 want: 0.21.5
344 silly placeDep ROOT @esbuild/freebsd-x64@0.21.5 OK for: esbuild@0.21.5 want: 0.21.5
345 silly placeDep ROOT @esbuild/linux-arm@0.21.5 OK for: esbuild@0.21.5 want: 0.21.5
346 silly placeDep ROOT @esbuild/linux-arm64@0.21.5 OK for: esbuild@0.21.5 want: 0.21.5
347 silly placeDep ROOT @esbuild/linux-ia32@0.21.5 OK for: esbuild@0.21.5 want: 0.21.5
348 silly placeDep ROOT @esbuild/linux-loong64@0.21.5 OK for: esbuild@0.21.5 want: 0.21.5
349 silly placeDep ROOT @esbuild/linux-mips64el@0.21.5 OK for: esbuild@0.21.5 want: 0.21.5
350 silly placeDep ROOT @esbuild/linux-ppc64@0.21.5 OK for: esbuild@0.21.5 want: 0.21.5
351 silly placeDep ROOT @esbuild/linux-riscv64@0.21.5 OK for: esbuild@0.21.5 want: 0.21.5
352 silly placeDep ROOT @esbuild/linux-s390x@0.21.5 OK for: esbuild@0.21.5 want: 0.21.5
353 silly placeDep ROOT @esbuild/linux-x64@0.21.5 OK for: esbuild@0.21.5 want: 0.21.5
354 silly placeDep ROOT @esbuild/netbsd-x64@0.21.5 OK for: esbuild@0.21.5 want: 0.21.5
355 silly placeDep ROOT @esbuild/openbsd-x64@0.21.5 OK for: esbuild@0.21.5 want: 0.21.5
356 silly placeDep ROOT @esbuild/sunos-x64@0.21.5 OK for: esbuild@0.21.5 want: 0.21.5
357 silly placeDep ROOT @esbuild/win32-arm64@0.21.5 OK for: esbuild@0.21.5 want: 0.21.5
358 silly placeDep ROOT @esbuild/win32-ia32@0.21.5 OK for: esbuild@0.21.5 want: 0.21.5
359 silly placeDep ROOT @esbuild/win32-x64@0.21.5 OK for: esbuild@0.21.5 want: 0.21.5
360 silly placeDep ROOT nanoid@3.3.19 OK for: postcss@8.5.28 want: ^3.3.18
361 silly placeDep ROOT picocolors@1.1.1 OK for: postcss@8.5.28 want: ^1.1.1
362 silly placeDep ROOT source-map-js@1.2.1 OK for: postcss@8.5.28 want: ^1.2.1
363 silly placeDep ROOT @napi-rs/lzma-linux-x64-gnu@1.5.1 OK for: rollup@4.63.4 want: 1.5.1
364 silly placeDep ROOT @rollup/rollup-android-arm-eabi@4.63.4 OK for: rollup@4.63.4 want: 4.63.4
365 silly placeDep ROOT @rollup/rollup-android-arm64@4.63.4 OK for: rollup@4.63.4 want: 4.63.4
366 silly placeDep ROOT @rollup/rollup-darwin-arm64@4.63.4 OK for: rollup@4.63.4 want: 4.63.4
367 silly placeDep ROOT @rollup/rollup-darwin-x64@4.63.4 OK for: rollup@4.63.4 want: 4.63.4
368 silly placeDep ROOT @rollup/rollup-freebsd-arm64@4.63.4 OK for: rollup@4.63.4 want: 4.63.4
369 silly placeDep ROOT @rollup/rollup-freebsd-x64@4.63.4 OK for: rollup@4.63.4 want: 4.63.4
370 silly placeDep ROOT @rollup/rollup-linux-arm-gnueabihf@4.63.4 OK for: rollup@4.63.4 want: 4.63.4
371 silly placeDep ROOT @rollup/rollup-linux-arm-musleabihf@4.63.4 OK for: rollup@4.63.4 want: 4.63.4
372 silly placeDep ROOT @rollup/rollup-linux-arm64-gnu@4.63.4 OK for: rollup@4.63.4 want: 4.63.4
373 silly placeDep ROOT @rollup/rollup-linux-arm64-musl@4.63.4 OK for: rollup@4.63.4 want: 4.63.4
374 silly placeDep ROOT @rollup/rollup-linux-loong64-gnu@4.63.4 OK for: rollup@4.63.4 want: 4.63.4
375 silly placeDep ROOT @rollup/rollup-linux-loong64-musl@4.63.4 OK for: rollup@4.63.4 want: 4.63.4
376 silly placeDep ROOT @rollup/rollup-linux-ppc64-gnu@4.63.4 OK for: rollup@4.63.4 want: 4.63.4
377 silly placeDep ROOT @rollup/rollup-linux-ppc64-musl@4.63.4 OK for: rollup@4.63.4 want: 4.63.4
378 silly placeDep ROOT @rollup/rollup-linux-riscv64-gnu@4.63.4 OK for: rollup@4.63.4 want: 4.63.4
379 silly placeDep ROOT @rollup/rollup-linux-riscv64-musl@4.63.4 OK for: rollup@4.63.4 want: 4.63.4
380 silly placeDep ROOT @rollup/rollup-linux-s390x-gnu@4.63.4 OK for: rollup@4.63.4 want: 4.63.4
381 silly placeDep ROOT @rollup/rollup-linux-x64-gnu@4.63.4 OK for: rollup@4.63.4 want: 4.63.4
382 silly placeDep ROOT @rollup/rollup-linux-x64-musl@4.63.4 OK for: rollup@4.63.4 want: 4.63.4
383 silly placeDep ROOT @rollup/rollup-openbsd-x64@4.63.4 OK for: rollup@4.63.4 want: 4.63.4
384 silly placeDep ROOT @rollup/rollup-openharmony-arm64@4.63.4 OK for: rollup@4.63.4 want: 4.63.4
385 silly placeDep ROOT @rollup/rollup-win32-arm64-msvc@4.63.4 OK for: rollup@4.63.4 want: 4.63.4
386 silly placeDep ROOT @rollup/rollup-win32-ia32-msvc@4.63.4 OK for: rollup@4.63.4 want: 4.63.4
387 silly placeDep ROOT @rollup/rollup-win32-x64-gnu@4.63.4 OK for: rollup@4.63.4 want: 4.63.4
388 silly placeDep ROOT @rollup/rollup-win32-x64-msvc@4.63.4 OK for: rollup@4.63.4 want: 4.63.4
389 silly placeDep ROOT @types/estree@1.0.9 OK for: rollup@4.63.4 want: 1.0.9
390 silly placeDep ROOT @vue/compiler-dom@3.5.43 OK for: vue@3.5.43 want: 3.5.43
391 silly placeDep ROOT @vue/compiler-sfc@3.5.43 OK for: vue@3.5.43 want: 3.5.43
392 silly placeDep ROOT @vue/runtime-dom@3.5.43 OK for: vue@3.5.43 want: 3.5.43
393 silly placeDep ROOT @vue/server-renderer@3.5.43 OK for: vue@3.5.43 want: 3.5.43
394 silly placeDep ROOT @vue/shared@3.5.43 OK for: vue@3.5.43 want: 3.5.43
395 silly fetch manifest @vue/compiler-core@3.5.43
396 silly packumentCache full:https://registry.npmjs.org/@vue%2fcompiler-core cache-miss
397 silly fetch manifest magic-string@^0.30.21
398 silly packumentCache full:https://registry.npmjs.org/magic-string cache-miss
399 silly fetch manifest @babel/parser@^7.29.8
400 silly packumentCache full:https://registry.npmjs.org/@babel%2fparser cache-miss
401 silly fetch manifest estree-walker@^2.0.2
402 silly packumentCache full:https://registry.npmjs.org/estree-walker cache-miss
403 silly fetch manifest @vue/compiler-ssr@3.5.43
404 silly packumentCache full:https://registry.npmjs.org/@vue%2fcompiler-ssr cache-miss
405 silly fetch manifest @vue/compiler-core@3.5.43
406 silly packumentCache full:https://registry.npmjs.org/@vue%2fcompiler-core cache-miss
407 silly fetch manifest csstype@^3.2.3
408 silly packumentCache full:https://registry.npmjs.org/csstype cache-miss
409 http fetch GET 200 https://registry.npmjs.org/estree-walker 127ms (cache miss)
410 silly packumentCache full:https://registry.npmjs.org/estree-walker set size:undefined disposed:false
411 silly fetch manifest @vue/reactivity@3.5.43
412 silly packumentCache full:https://registry.npmjs.org/@vue%2freactivity cache-miss
413 http fetch GET 200 https://registry.npmjs.org/magic-string 132ms (cache miss)
414 silly packumentCache full:https://registry.npmjs.org/magic-string set size:undefined disposed:false
415 silly fetch manifest @vue/runtime-core@3.5.43
416 silly packumentCache full:https://registry.npmjs.org/@vue%2fruntime-core cache-miss
417 http fetch GET 200 https://registry.npmjs.org/csstype 154ms (cache miss)
418 silly packumentCache full:https://registry.npmjs.org/csstype set size:undefined disposed:false
419 silly fetch manifest @vue/compiler-ssr@3.5.43
420 silly packumentCache full:https://registry.npmjs.org/@vue%2fcompiler-ssr cache-miss
421 http fetch GET 200 https://registry.npmjs.org/@vue%2fcompiler-core 172ms (cache miss)
422 silly packumentCache full:https://registry.npmjs.org/@vue%2fcompiler-core set size:undefined disposed:false
423 http fetch GET 200 https://registry.npmjs.org/@babel%2fparser 196ms (cache miss)
424 silly packumentCache full:https://registry.npmjs.org/@babel%2fparser set size:undefined disposed:false
425 http fetch GET 200 https://registry.npmjs.org/@vue%2fcompiler-core 226ms (cache miss)
426 silly packumentCache full:https://registry.npmjs.org/@vue%2fcompiler-core set size:undefined disposed:false
427 http fetch GET 200 https://registry.npmjs.org/@vue%2fcompiler-ssr 269ms (cache miss)
428 silly packumentCache full:https://registry.npmjs.org/@vue%2fcompiler-ssr set size:undefined disposed:false
429 http fetch GET 200 https://registry.npmjs.org/@vue%2freactivity 151ms (cache miss)
430 silly packumentCache full:https://registry.npmjs.org/@vue%2freactivity set size:undefined disposed:false
431 http fetch GET 200 https://registry.npmjs.org/@vue%2fruntime-core 206ms (cache miss)
432 silly packumentCache full:https://registry.npmjs.org/@vue%2fruntime-core set size:undefined disposed:false
433 http fetch GET 200 https://registry.npmjs.org/@vue%2fcompiler-ssr 211ms (cache miss)
434 silly packumentCache full:https://registry.npmjs.org/@vue%2fcompiler-ssr set size:undefined disposed:false
435 silly placeDep ROOT @vue/compiler-core@3.5.43 OK for: @vue/compiler-dom@3.5.43 want: 3.5.43
436 silly fetch manifest entities@^7.0.1
437 silly packumentCache full:https://registry.npmjs.org/entities cache-miss
438 http fetch GET 200 https://registry.npmjs.org/entities 133ms (cache miss)
439 silly packumentCache full:https://registry.npmjs.org/entities set size:undefined disposed:false
440 silly placeDep ROOT @babel/parser@7.29.9 OK for: @vue/compiler-core@3.5.43 want: ^7.29.8
441 silly placeDep ROOT entities@7.0.1 OK for: @vue/compiler-core@3.5.43 want: ^7.0.1
442 silly placeDep ROOT estree-walker@2.0.2 OK for: @vue/compiler-core@3.5.43 want: ^2.0.2
443 silly fetch manifest @babel/types@^7.29.8
444 silly packumentCache full:https://registry.npmjs.org/@babel%2ftypes cache-miss
445 http fetch GET 200 https://registry.npmjs.org/@babel%2ftypes 259ms (cache miss)
446 silly packumentCache full:https://registry.npmjs.org/@babel%2ftypes set size:undefined disposed:false
447 silly placeDep ROOT @babel/types@7.29.8 OK for: @babel/parser@7.29.9 want: ^7.29.8
448 silly fetch manifest @babel/helper-string-parser@^7.29.7
449 silly packumentCache full:https://registry.npmjs.org/@babel%2fhelper-string-parser cache-miss
450 silly fetch manifest @babel/helper-validator-identifier@^7.29.7
451 silly packumentCache full:https://registry.npmjs.org/@babel%2fhelper-validator-identifier cache-miss
452 http fetch GET 200 https://registry.npmjs.org/@babel%2fhelper-string-parser 174ms (cache miss)
453 silly packumentCache full:https://registry.npmjs.org/@babel%2fhelper-string-parser set size:undefined disposed:false
454 http fetch GET 200 https://registry.npmjs.org/@babel%2fhelper-validator-identifier 176ms (cache miss)
455 silly packumentCache full:https://registry.npmjs.org/@babel%2fhelper-validator-identifier set size:undefined disposed:false
456 silly placeDep ROOT @babel/helper-string-parser@7.29.7 OK for: @babel/types@7.29.8 want: ^7.29.7
457 silly placeDep ROOT @babel/helper-validator-identifier@7.29.7 OK for: @babel/types@7.29.8 want: ^7.29.7
458 silly placeDep ROOT @vue/compiler-ssr@3.5.43 OK for: @vue/compiler-sfc@3.5.43 want: 3.5.43
459 silly placeDep ROOT magic-string@0.30.21 OK for: @vue/compiler-sfc@3.5.43 want: ^0.30.21
460 silly fetch manifest @jridgewell/sourcemap-codec@^1.5.5
461 silly packumentCache full:https://registry.npmjs.org/@jridgewell%2fsourcemap-codec cache-miss
462 http fetch GET 200 https://registry.npmjs.org/@jridgewell%2fsourcemap-codec 178ms (cache miss)
463 silly packumentCache full:https://registry.npmjs.org/@jridgewell%2fsourcemap-codec set size:undefined disposed:false
464 silly placeDep ROOT @vue/reactivity@3.5.43 OK for: @vue/runtime-dom@3.5.43 want: 3.5.43
465 silly placeDep ROOT @vue/runtime-core@3.5.43 OK for: @vue/runtime-dom@3.5.43 want: 3.5.43
466 silly placeDep ROOT csstype@3.2.3 OK for: @vue/runtime-dom@3.5.43 want: ^3.2.3
467 silly placeDep ROOT @jridgewell/sourcemap-codec@1.6.0 OK for: magic-string@0.30.21 want: ^1.5.5
468 silly reify moves {}
469 silly audit bulk request {
469 silly audit   '@vitejs/plugin-vue': [ '5.2.4' ],
469 silly audit   vue: [ '3.5.43' ],
469 silly audit   vite: [ '5.4.21' ],
469 silly audit   echarts: [ '5.6.0' ],
469 silly audit   tslib: [ '2.3.0' ],
469 silly audit   zrender: [ '5.6.1' ],
469 silly audit   esbuild: [ '0.21.5' ],
469 silly audit   fsevents: [ '2.3.3' ],
469 silly audit   postcss: [ '8.5.28' ],
469 silly audit   rollup: [ '4.63.4' ],
469 silly audit   '@esbuild/aix-ppc64': [ '0.21.5' ],
469 silly audit   '@esbuild/android-arm': [ '0.21.5' ],
469 silly audit   '@esbuild/android-arm64': [ '0.21.5' ],
469 silly audit   '@esbuild/android-x64': [ '0.21.5' ],
469 silly audit   '@esbuild/darwin-arm64': [ '0.21.5' ],
469 silly audit   '@esbuild/darwin-x64': [ '0.21.5' ],
469 silly audit   '@esbuild/freebsd-arm64': [ '0.21.5' ],
469 silly audit   '@esbuild/freebsd-x64': [ '0.21.5' ],
469 silly audit   '@esbuild/linux-arm': [ '0.21.5' ],
469 silly audit   '@esbuild/linux-arm64': [ '0.21.5' ],
469 silly audit   '@esbuild/linux-ia32': [ '0.21.5' ],
469 silly audit   '@esbuild/linux-loong64': [ '0.21.5' ],
469 silly audit   '@esbuild/linux-mips64el': [ '0.21.5' ],
469 silly audit   '@esbuild/linux-ppc64': [ '0.21.5' ],
469 silly audit   '@esbuild/linux-riscv64': [ '0.21.5' ],
469 silly audit   '@esbuild/linux-s390x': [ '0.21.5' ],
469 silly audit   '@esbuild/linux-x64': [ '0.21.5' ],
469 silly audit   '@esbuild/netbsd-x64': [ '0.21.5' ],
469 silly audit   '@esbuild/openbsd-x64': [ '0.21.5' ],
469 silly audit   '@esbuild/sunos-x64': [ '0.21.5' ],
469 silly audit   '@esbuild/win32-arm64': [ '0.21.5' ],
469 silly audit   '@esbuild/win32-ia32': [ '0.21.5' ],
469 silly audit   '@esbuild/win32-x64': [ '0.21.5' ],
469 silly audit   nanoid: [ '3.3.19' ],
469 silly audit   picocolors: [ '1.1.1' ],
469 silly audit   'source-map-js': [ '1.2.1' ],
469 silly audit   '@napi-rs/lzma-linux-x64-gnu': [ '1.5.1' ],
469 silly audit   '@rollup/rollup-android-arm-eabi': [ '4.63.4' ],
469 silly audit   '@rollup/rollup-android-arm64': [ '4.63.4' ],
469 silly audit   '@rollup/rollup-darwin-arm64': [ '4.63.4' ],
469 silly audit   '@rollup/rollup-darwin-x64': [ '4.63.4' ],
469 silly audit   '@rollup/rollup-freebsd-arm64': [ '4.63.4' ],
469 silly audit   '@rollup/rollup-freebsd-x64': [ '4.63.4' ],
469 silly audit   '@rollup/rollup-linux-arm-gnueabihf': [ '4.63.4' ],
469 silly audit   '@rollup/rollup-linux-arm-musleabihf': [ '4.63.4' ],
469 silly audit   '@rollup/rollup-linux-arm64-gnu': [ '4.63.4' ],
469 silly audit   '@rollup/rollup-linux-arm64-musl': [ '4.63.4' ],
469 silly audit   '@rollup/rollup-linux-loong64-gnu': [ '4.63.4' ],
469 silly audit   '@rollup/rollup-linux-loong64-musl': [ '4.63.4' ],
469 silly audit   '@rollup/rollup-linux-ppc64-gnu': [ '4.63.4' ],
469 silly audit   '@rollup/rollup-linux-ppc64-musl': [ '4.63.4' ],
469 silly audit   '@rollup/rollup-linux-riscv64-gnu': [ '4.63.4' ],
469 silly audit   '@rollup/rollup-linux-riscv64-musl': [ '4.63.4' ],
469 silly audit   '@rollup/rollup-linux-s390x-gnu': [ '4.63.4' ],
469 silly audit   '@rollup/rollup-linux-x64-gnu': [ '4.63.4' ],
469 silly audit   '@rollup/rollup-linux-x64-musl': [ '4.63.4' ],
469 silly audit   '@rollup/rollup-openbsd-x64': [ '4.63.4' ],
469 silly audit   '@rollup/rollup-openharmony-arm64': [ '4.63.4' ],
469 silly audit   '@rollup/rollup-win32-arm64-msvc': [ '4.63.4' ],
469 silly audit   '@rollup/rollup-win32-ia32-msvc': [ '4.63.4' ],
469 silly audit   '@rollup/rollup-win32-x64-gnu': [ '4.63.4' ],
469 silly audit   '@rollup/rollup-win32-x64-msvc': [ '4.63.4' ],
469 silly audit   '@types/estree': [ '1.0.9' ],
469 silly audit   '@vue/compiler-dom': [ '3.5.43' ],
469 silly audit   '@vue/compiler-sfc': [ '3.5.43' ],
469 silly audit   '@vue/runtime-dom': [ '3.5.43' ],
469 silly audit   '@vue/server-renderer': [ '3.5.43' ],
469 silly audit   '@vue/shared': [ '3.5.43' ],
469 silly audit   '@vue/compiler-core': [ '3.5.43' ],
469 silly audit   '@babel/parser': [ '7.29.9' ],
469 silly audit   entities: [ '7.0.1' ],
469 silly audit   'estree-walker': [ '2.0.2' ],
469 silly audit   '@babel/types': [ '7.29.8' ],
469 silly audit   '@babel/helper-string-parser': [ '7.29.7' ],
469 silly audit   '@babel/helper-validator-identifier': [ '7.29.7' ],
469 silly audit   '@vue/compiler-ssr': [ '3.5.43' ],
469 silly audit   'magic-string': [ '0.30.21' ],
469 silly audit   '@vue/reactivity': [ '3.5.43' ],
469 silly audit   '@vue/runtime-core': [ '3.5.43' ],
469 silly audit   csstype: [ '3.2.3' ],
469 silly audit   '@jridgewell/sourcemap-codec': [ '1.6.0' ]
469 silly audit }
470 http cache @vue/reactivity@https://registry.npmjs.org/@vue/reactivity/-/reactivity-3.5.43.tgz 0ms (cache hit)
471 http cache @vue/runtime-core@https://registry.npmjs.org/@vue/runtime-core/-/runtime-core-3.5.43.tgz 0ms (cache hit)
472 http cache @jridgewell/sourcemap-codec@https://registry.npmjs.org/@jridgewell/sourcemap-codec/-/sourcemap-codec-1.6.0.tgz 0ms (cache hit)
473 http cache @vue/compiler-ssr@https://registry.npmjs.org/@vue/compiler-ssr/-/compiler-ssr-3.5.43.tgz 0ms (cache hit)
474 http cache magic-string@https://registry.npmjs.org/magic-string/-/magic-string-0.30.21.tgz 0ms (cache hit)
475 http cache csstype@https://registry.npmjs.org/csstype/-/csstype-3.2.3.tgz 0ms (cache hit)
476 http cache @babel/helper-string-parser@https://registry.npmjs.org/@babel/helper-string-parser/-/helper-string-parser-7.29.7.tgz 0ms (cache hit)
477 http cache @babel/helper-validator-identifier@https://registry.npmjs.org/@babel/helper-validator-identifier/-/helper-validator-identifier-7.29.7.tgz 0ms (cache hit)
478 http cache @babel/types@https://registry.npmjs.org/@babel/types/-/types-7.29.8.tgz 0ms (cache hit)
479 http cache estree-walker@https://registry.npmjs.org/estree-walker/-/estree-walker-2.0.2.tgz 0ms (cache hit)
480 http cache entities@https://registry.npmjs.org/entities/-/entities-7.0.1.tgz 0ms (cache hit)
481 http cache @babel/parser@https://registry.npmjs.org/@babel/parser/-/parser-7.29.9.tgz 0ms (cache hit)
482 http cache @vue/compiler-core@https://registry.npmjs.org/@vue/compiler-core/-/compiler-core-3.5.43.tgz 0ms (cache hit)
483 http cache @vue/shared@https://registry.npmjs.org/@vue/shared/-/shared-3.5.43.tgz 0ms (cache hit)
484 http cache @vue/server-renderer@https://registry.npmjs.org/@vue/server-renderer/-/server-renderer-3.5.43.tgz 0ms (cache hit)
485 http cache @vue/compiler-sfc@https://registry.npmjs.org/@vue/compiler-sfc/-/compiler-sfc-3.5.43.tgz 0ms (cache hit)
486 http cache @vue/runtime-dom@https://registry.npmjs.org/@vue/runtime-dom/-/runtime-dom-3.5.43.tgz 0ms (cache hit)
487 http cache @vue/compiler-dom@https://registry.npmjs.org/@vue/compiler-dom/-/compiler-dom-3.5.43.tgz 0ms (cache hit)
488 http cache source-map-js@https://registry.npmjs.org/source-map-js/-/source-map-js-1.2.1.tgz 0ms (cache hit)
489 http cache @types/estree@https://registry.npmjs.org/@types/estree/-/estree-1.0.9.tgz 0ms (cache hit)
490 http cache @rollup/rollup-darwin-x64@https://registry.npmjs.org/@rollup/rollup-darwin-x64/-/rollup-darwin-x64-4.63.4.tgz 0ms (cache hit)
491 http cache picocolors@https://registry.npmjs.org/picocolors/-/picocolors-1.1.1.tgz 1ms (cache hit)
492 http cache nanoid@https://registry.npmjs.org/nanoid/-/nanoid-3.3.19.tgz 0ms (cache hit)
493 http cache rollup@https://registry.npmjs.org/rollup/-/rollup-4.63.4.tgz 0ms (cache hit)
494 http cache @esbuild/darwin-x64@https://registry.npmjs.org/@esbuild/darwin-x64/-/darwin-x64-0.21.5.tgz 0ms (cache hit)
495 http cache postcss@https://registry.npmjs.org/postcss/-/postcss-8.5.28.tgz 0ms (cache hit)
496 http cache fsevents@https://registry.npmjs.org/fsevents/-/fsevents-2.3.3.tgz 0ms (cache hit)
497 http cache esbuild@https://registry.npmjs.org/esbuild/-/esbuild-0.21.5.tgz 0ms (cache hit)
498 http cache zrender@https://registry.npmjs.org/zrender/-/zrender-5.6.1.tgz 0ms (cache hit)
499 http cache tslib@https://registry.npmjs.org/tslib/-/tslib-2.3.0.tgz 0ms (cache hit)
500 http cache echarts@https://registry.npmjs.org/echarts/-/echarts-5.6.0.tgz 0ms (cache hit)
501 http cache vite@https://registry.npmjs.org/vite/-/vite-5.4.21.tgz 0ms (cache hit)
502 http cache vue@https://registry.npmjs.org/vue/-/vue-3.5.43.tgz 0ms (cache hit)
503 http cache @vitejs/plugin-vue@https://registry.npmjs.org/@vitejs/plugin-vue/-/plugin-vue-5.2.4.tgz 0ms (cache hit)
504 silly tarball no local data for @vue/reactivity@https://registry.npmjs.org/@vue/reactivity/-/reactivity-3.5.43.tgz. Extracting by manifest.
505 silly tarball no local data for @vue/runtime-core@https://registry.npmjs.org/@vue/runtime-core/-/runtime-core-3.5.43.tgz. Extracting by manifest.
506 silly tarball no local data for @jridgewell/sourcemap-codec@https://registry.npmjs.org/@jridgewell/sourcemap-codec/-/sourcemap-codec-1.6.0.tgz. Extracting by manifest.
507 silly tarball no local data for @vue/compiler-ssr@https://registry.npmjs.org/@vue/compiler-ssr/-/compiler-ssr-3.5.43.tgz. Extracting by manifest.
508 silly tarball no local data for magic-string@https://registry.npmjs.org/magic-string/-/magic-string-0.30.21.tgz. Extracting by manifest.
509 silly tarball no local data for csstype@https://registry.npmjs.org/csstype/-/csstype-3.2.3.tgz. Extracting by manifest.
510 silly tarball no local data for @babel/helper-string-parser@https://registry.npmjs.org/@babel/helper-string-parser/-/helper-string-parser-7.29.7.tgz. Extracting by manifest.
511 silly tarball no local data for @babel/helper-validator-identifier@https://registry.npmjs.org/@babel/helper-validator-identifier/-/helper-validator-identifier-7.29.7.tgz. Extracting by manifest.
512 silly tarball no local data for @babel/types@https://registry.npmjs.org/@babel/types/-/types-7.29.8.tgz. Extracting by manifest.
513 silly tarball no local data for estree-walker@https://registry.npmjs.org/estree-walker/-/estree-walker-2.0.2.tgz. Extracting by manifest.
514 silly tarball no local data for entities@https://registry.npmjs.org/entities/-/entities-7.0.1.tgz. Extracting by manifest.
515 silly tarball no local data for @babel/parser@https://registry.npmjs.org/@babel/parser/-/parser-7.29.9.tgz. Extracting by manifest.
516 silly tarball no local data for @vue/compiler-core@https://registry.npmjs.org/@vue/compiler-core/-/compiler-core-3.5.43.tgz. Extracting by manifest.
517 silly tarball no local data for @vue/shared@https://registry.npmjs.org/@vue/shared/-/shared-3.5.43.tgz. Extracting by manifest.
518 silly tarball no local data for @vue/server-renderer@https://registry.npmjs.org/@vue/server-renderer/-/server-renderer-3.5.43.tgz. Extracting by manifest.
519 silly tarball no local data for @vue/compiler-sfc@https://registry.npmjs.org/@vue/compiler-sfc/-/compiler-sfc-3.5.43.tgz. Extracting by manifest.
520 silly tarball no local data for @vue/runtime-dom@https://registry.npmjs.org/@vue/runtime-dom/-/runtime-dom-3.5.43.tgz. Extracting by manifest.
521 silly tarball no local data for @vue/compiler-dom@https://registry.npmjs.org/@vue/compiler-dom/-/compiler-dom-3.5.43.tgz. Extracting by manifest.
522 silly tarball no local data for source-map-js@https://registry.npmjs.org/source-map-js/-/source-map-js-1.2.1.tgz. Extracting by manifest.
523 silly tarball no local data for @types/estree@https://registry.npmjs.org/@types/estree/-/estree-1.0.9.tgz. Extracting by manifest.
524 silly tarball no local data for @rollup/rollup-darwin-x64@https://registry.npmjs.org/@rollup/rollup-darwin-x64/-/rollup-darwin-x64-4.63.4.tgz. Extracting by manifest.
525 silly tarball no local data for picocolors@https://registry.npmjs.org/picocolors/-/picocolors-1.1.1.tgz. Extracting by manifest.
526 silly tarball no local data for nanoid@https://registry.npmjs.org/nanoid/-/nanoid-3.3.19.tgz. Extracting by manifest.
527 silly tarball no local data for rollup@https://registry.npmjs.org/rollup/-/rollup-4.63.4.tgz. Extracting by manifest.
528 silly tarball no local data for @esbuild/darwin-x64@https://registry.npmjs.org/@esbuild/darwin-x64/-/darwin-x64-0.21.5.tgz. Extracting by manifest.
529 silly tarball no local data for postcss@https://registry.npmjs.org/postcss/-/postcss-8.5.28.tgz. Extracting by manifest.
530 silly tarball no local data for fsevents@https://registry.npmjs.org/fsevents/-/fsevents-2.3.3.tgz. Extracting by manifest.
531 silly tarball no local data for esbuild@https://registry.npmjs.org/esbuild/-/esbuild-0.21.5.tgz. Extracting by manifest.
532 silly tarball no local data for zrender@https://registry.npmjs.org/zrender/-/zrender-5.6.1.tgz. Extracting by manifest.
533 silly tarball no local data for tslib@https://registry.npmjs.org/tslib/-/tslib-2.3.0.tgz. Extracting by manifest.
534 silly tarball no local data for echarts@https://registry.npmjs.org/echarts/-/echarts-5.6.0.tgz. Extracting by manifest.
535 silly tarball no local data for vite@https://registry.npmjs.org/vite/-/vite-5.4.21.tgz. Extracting by manifest.
536 silly tarball no local data for vue@https://registry.npmjs.org/vue/-/vue-3.5.43.tgz. Extracting by manifest.
537 silly tarball no local data for @vitejs/plugin-vue@https://registry.npmjs.org/@vitejs/plugin-vue/-/plugin-vue-5.2.4.tgz. Extracting by manifest.
538 http fetch GET 200 https://registry.npmjs.org/csstype/-/csstype-3.2.3.tgz 164ms (cache miss)
539 http fetch GET 200 https://registry.npmjs.org/@vue/compiler-ssr/-/compiler-ssr-3.5.43.tgz 165ms (cache miss)
540 http fetch GET 200 https://registry.npmjs.org/magic-string/-/magic-string-0.30.21.tgz 169ms (cache miss)
541 http fetch GET 200 https://registry.npmjs.org/@vue/reactivity/-/reactivity-3.5.43.tgz 182ms (cache miss)
542 http fetch GET 200 https://registry.npmjs.org/@jridgewell/sourcemap-codec/-/sourcemap-codec-1.6.0.tgz 183ms (cache miss)
543 http fetch GET 200 https://registry.npmjs.org/@vue/runtime-core/-/runtime-core-3.5.43.tgz 187ms (cache miss)
544 http fetch POST 200 https://registry.npmjs.org/-/npm/v1/security/advisories/bulk 219ms
545 silly audit report {
545 silly audit report   vite: [
545 silly audit report     {
545 silly audit report       id: 1120784,
545 silly audit report       url: 'https://github.com/advisories/GHSA-v6wh-96g9-6wx3',
545 silly audit report       title: 'launch-editor: NTLMv2 hash disclosure via UNC path handling on Windows',
545 silly audit report       severity: 'moderate',
545 silly audit report       vulnerable_versions: '<=6.4.2',
545 silly audit report       cwe: [Array],
545 silly audit report       cvss: [Object]
545 silly audit report     },
545 silly audit report     {
545 silly audit report       id: 1116229,
545 silly audit report       url: 'https://github.com/advisories/GHSA-4w7w-66w2-5vf9',
545 silly audit report       title: 'Vite Vulnerable to Path Traversal in Optimized Deps `.map` Handling',
545 silly audit report       severity: 'moderate',
545 silly audit report       vulnerable_versions: '<=6.4.1',
545 silly audit report       cwe: [Array],
545 silly audit report       cvss: [Object]
545 silly audit report     },
545 silly audit report     {
545 silly audit report       id: 1123525,
545 silly audit report       url: 'https://github.com/advisories/GHSA-fx2h-pf6j-xcff',
545 silly audit report       title: 'vite: `server.fs.deny` bypass on Windows alternate paths',
545 silly audit report       severity: 'high',
545 silly audit report       vulnerable_versions: '<=6.4.2',
545 silly audit report       cwe: [Array],
545 silly audit report       cvss: [Object]
545 silly audit report     }
545 silly audit report   ],
545 silly audit report   echarts: [
545 silly audit report     {
545 silly audit report       id: 1122144,
545 silly audit report       url: 'https://github.com/advisories/GHSA-fgmj-fm8m-jvvx',
545 silly audit report       title: 'Apache ECharts has a cross-site scripting (XSS) vulnerability',
545 silly audit report       severity: 'moderate',
545 silly audit report       vulnerable_versions: '<6.1.0',
545 silly audit report       cwe: [Array],
545 silly audit report       cvss: [Object]
545 silly audit report     }
545 silly audit report   ],
545 silly audit report   esbuild: [
545 silly audit report     {
545 silly audit report       id: 1102341,
545 silly audit report       url: 'https://github.com/advisories/GHSA-67mh-4wv8-2f99',
545 silly audit report       title: 'esbuild enables any website to send any requests to the development server and read the response',
545 silly audit report       severity: 'moderate',
545 silly audit report       vulnerable_versions: '<=0.24.2',
545 silly audit report       cwe: [Array],
545 silly audit report       cvss: [Object]
545 silly audit report     }
545 silly audit report   ]
545 silly audit report }
546 silly packumentCache corgi:https://registry.npmjs.org/vite cache-miss
547 silly packumentCache corgi:https://registry.npmjs.org/echarts cache-miss
548 silly packumentCache corgi:https://registry.npmjs.org/esbuild cache-miss
549 http fetch GET 200 https://registry.npmjs.org/@vue/server-renderer/-/server-renderer-3.5.43.tgz 311ms (cache miss)
550 http fetch GET 200 https://registry.npmjs.org/@types/estree/-/estree-1.0.9.tgz 312ms (cache miss)
551 http fetch GET 200 https://registry.npmjs.org/source-map-js/-/source-map-js-1.2.1.tgz 350ms (cache miss)
552 http fetch GET 200 https://registry.npmjs.org/@vue/compiler-dom/-/compiler-dom-3.5.43.tgz 355ms (cache miss)
553 http fetch GET 200 https://registry.npmjs.org/@vue/runtime-dom/-/runtime-dom-3.5.43.tgz 405ms (cache miss)
554 http fetch GET 200 https://registry.npmjs.org/picocolors/-/picocolors-1.1.1.tgz 416ms (cache miss)
555 http fetch GET 200 https://registry.npmjs.org/nanoid/-/nanoid-3.3.19.tgz 416ms (cache miss)
556 http fetch GET 200 https://registry.npmjs.org/@vue/compiler-sfc/-/compiler-sfc-3.5.43.tgz 472ms (cache miss)
557 http fetch GET 200 https://registry.npmjs.org/rollup/-/rollup-4.63.4.tgz 479ms (cache miss)
558 http fetch GET 200 https://registry.npmjs.org/fsevents/-/fsevents-2.3.3.tgz 534ms (cache miss)
559 http fetch GET 200 https://registry.npmjs.org/esbuild/-/esbuild-0.21.5.tgz 547ms (cache miss)
560 http fetch GET 200 https://registry.npmjs.org/@babel/helper-string-parser/-/helper-string-parser-7.29.7.tgz 579ms (cache miss)
561 http fetch GET 200 https://registry.npmjs.org/@rollup/rollup-darwin-x64/-/rollup-darwin-x64-4.63.4.tgz 577ms (cache miss)
562 http fetch GET 200 https://registry.npmjs.org/estree-walker/-/estree-walker-2.0.2.tgz 587ms (cache miss)
563 http fetch GET 200 https://registry.npmjs.org/tslib/-/tslib-2.3.0.tgz 587ms (cache miss)
564 http fetch GET 200 https://registry.npmjs.org/postcss/-/postcss-8.5.28.tgz 590ms (cache miss)
565 http fetch GET 200 https://registry.npmjs.org/@babel/helper-validator-identifier/-/helper-validator-identifier-7.29.7.tgz 606ms (cache miss)
566 http fetch GET 200 https://registry.npmjs.org/echarts 545ms (cache miss)
567 silly packumentCache corgi:https://registry.npmjs.org/echarts set size:undefined disposed:false
568 http fetch GET 200 https://registry.npmjs.org/@vue/shared/-/shared-3.5.43.tgz 808ms (cache miss)
569 http fetch GET 200 https://registry.npmjs.org/vite 645ms (cache miss)
570 silly packumentCache corgi:https://registry.npmjs.org/vite set size:undefined disposed:false
571 http fetch GET 200 https://registry.npmjs.org/@vitejs/plugin-vue/-/plugin-vue-5.2.4.tgz 895ms (cache miss)
572 http fetch GET 200 https://registry.npmjs.org/vite/-/vite-5.4.21.tgz 954ms (cache miss)
573 http fetch GET 200 https://registry.npmjs.org/vue/-/vue-3.5.43.tgz 955ms (cache miss)
574 http fetch GET 200 https://registry.npmjs.org/@babel/parser/-/parser-7.29.9.tgz 1060ms (cache miss)
575 http fetch GET 200 https://registry.npmjs.org/@esbuild/darwin-x64/-/darwin-x64-0.21.5.tgz 1082ms (cache miss)
576 http fetch GET 200 https://registry.npmjs.org/entities/-/entities-7.0.1.tgz 1089ms (cache miss)
577 http fetch GET 200 https://registry.npmjs.org/@vue/compiler-core/-/compiler-core-3.5.43.tgz 1119ms (cache miss)
578 http fetch GET 200 https://registry.npmjs.org/esbuild 922ms (cache miss)
579 silly packumentCache corgi:https://registry.npmjs.org/esbuild set size:undefined disposed:false
580 silly packumentCache corgi:https://registry.npmjs.org/@vitejs%2fplugin-vue cache-miss
581 http fetch GET 200 https://registry.npmjs.org/@babel/types/-/types-7.29.8.tgz 1238ms (cache miss)
582 http fetch GET 200 https://registry.npmjs.org/zrender/-/zrender-5.6.1.tgz 1346ms (cache miss)
583 http fetch GET 200 https://registry.npmjs.org/@vitejs%2fplugin-vue 316ms (cache miss)
584 silly packumentCache corgi:https://registry.npmjs.org/@vitejs%2fplugin-vue set size:undefined disposed:false
585 http fetch GET 200 https://registry.npmjs.org/echarts/-/echarts-5.6.0.tgz 2303ms (cache miss)
586 info run fsevents@2.3.3 install node_modules/fsevents node-gyp rebuild
587 info run fsevents@2.3.3 install { code: 1, signal: null }
588 verbose reify failed optional dependency /Users/eden/Desktop/20260919/04-blast-furnace-thermal-b/frontend/node_modules/fsevents
589 silly reify mark deleted [
589 silly reify   '/Users/eden/Desktop/20260919/04-blast-furnace-thermal-b/frontend/node_modules/fsevents'
589 silly reify ]
590 info run esbuild@0.21.5 postinstall node_modules/esbuild node install.js
591 info run esbuild@0.21.5 postinstall { code: 0, signal: null }
592 silly ADD node_modules/@jridgewell/sourcemap-codec
593 silly ADD node_modules/csstype
594 silly ADD node_modules/@vue/runtime-core
595 silly ADD node_modules/@vue/reactivity
596 silly ADD node_modules/magic-string
597 silly ADD node_modules/@vue/compiler-ssr
598 silly ADD node_modules/@babel/helper-validator-identifier
599 silly ADD node_modules/@babel/helper-string-parser
600 silly ADD node_modules/@babel/types
601 silly ADD node_modules/estree-walker
602 silly ADD node_modules/entities
603 silly ADD node_modules/@babel/parser
604 silly ADD node_modules/@vue/compiler-core
605 silly ADD node_modules/@vue/shared
606 silly ADD node_modules/@vue/server-renderer
607 silly ADD node_modules/@vue/runtime-dom
608 silly ADD node_modules/@vue/compiler-sfc
609 silly ADD node_modules/@vue/compiler-dom
610 silly ADD node_modules/@types/estree
611 silly ADD node_modules/@rollup/rollup-darwin-x64
612 silly ADD node_modules/source-map-js
613 silly ADD node_modules/picocolors
614 silly ADD node_modules/nanoid
615 silly ADD node_modules/@esbuild/darwin-x64
616 silly ADD node_modules/rollup
617 silly ADD node_modules/postcss
618 silly ADD
619 silly ADD node_modules/esbuild
620 silly ADD node_modules/zrender
621 silly ADD node_modules/tslib
622 silly ADD node_modules/echarts
623 silly ADD node_modules/vite
624 silly ADD node_modules/vue
625 silly ADD node_modules/@vitejs/plugin-vue
626 verbose cwd /Users/eden/Desktop/20260919/04-blast-furnace-thermal-b/frontend
627 verbose os Darwin 22.6.0
628 verbose node v24.16.0
629 verbose npm  v11.13.0
630 notice
630 notice New major version of npm available! 11.13.0 -> 12.0.2
630 notice Changelog: https://github.com/npm/cli/releases/tag/v12.0.2
630 notice To update run: npm install -g npm@12.0.2
630 notice  { force: true, Symbol(proc-log.meta): true }
631 verbose exit 0
632 info ok
